Django Configuration
--------------------




--------------------
Command line/PowerShell
--------------------
Configuring django requires having prior knowledge about using
command-line or powershell and powershell is the better.

Some commands to use in (cmd,powershell or GitBash):

dir /s /b /o:gn : list all files in cwd

type nul > test.txt : create a file

cd (change down a directory)
cd .. (change up a directory)
ls (list files in your current directory)
pwd (print working directory)
mkdir (make directory)
rmdir (remove dir)
touch (create a new file)
rm (remove file)
exit (exiting terminal)
--------------------





--------------------
Virutal Environment
--------------------
Virutal environments are indispensable part of python, they are an
isolated container containing all the software dependencies for a
given project,so for your specfic project you can have different
packages versions that are for your project directory only.

Pipenv package used to manage this virutal environment.

to install pipenv:
pip install pipenv
--------------------







--------------------
Install Django + project
--------------------
install django by pipenv for specfic version:
$ pipenv install django==2.2.0

install latest version:
$ pipenv install django

check django version:
$ python -m django --version


now at the project directory there will be 2 files
(Pipfile & Pipfile.lock) this for virtual environment info,
to activate the virtual run:
$ pipenv shell

To start a project :
$ django-admin startproject test_project .

the (.) at the end is optional , its that our project structure 
do not repeat the main directory again and put the project inside it.

To run the server:
$ python manage.py runserver

To step server press Ctrl+C

to exit the virtual environment:
$ exit
--------------------



--------------------
Git + Github
--------------------
Git is a control system used to manage projects more easily.

to register our username and email:
$ git config --global user.name "Your Name"
$ git config --global user.email "yourname@email.com"

To add git to our repository:
$ git init

see last git changes:
$ git status

to add  our changes and commit the git with a described message:
$ git add -A
$ git commit -m "Initial commit"



Then we can push our project to Github, first create empty repo
then copy the codes of pushing a git from commind line and run it.
$ git remote add origin https://github.com/Azzam49/django-tutorials.git
$ git push -u origin master

if faced error pushing the repo,then SHH Keys needs configuring.

To update the repo again:
$ git add -A
$ git commit -m "2nd update"
$ git push -u origin master
--------------------










































